// Jest Snapshot v1, https://goo.gl/fbAQLP

exports[`App has a valid snapshot 1`] = `
<div>
  <div
    className="header"
  >
    <div
      className="container"
    >
      <div
        className="header__nav"
      >
        <a
          className="header__nav--left"
          href="/"
          onClick={[Function]}
        >
          <p>
            Home
          </p>
        </a>
        <div
          className="header__nav--right"
        >
          <a
            className="signup"
            href="/register"
            onClick={[Function]}
          >
            <button>
              Signup
            </button>
          </a>
          <a
            className="login"
            href="/signin"
            onClick={[Function]}
          >
            <button>
              Login
            </button>
          </a>
        </div>
      </div>
    </div>
  </div>
  <div
    className="homepage"
  >
    <div
      className="container"
    >
      <div
        className="homepage__welcome"
      >
        <h1>
          Organize your tasks with simple 
          <span>
            todos
          </span>
        </h1>
        <p>
          No more fancy and hard to navigate UI's. 
          <span>
            Just todo it
          </span>
          .
        </p>
      </div>
      <div
        className="homepage__register"
      >
        <a
          href="/register"
          onClick={[Function]}
        >
          <button>
            Get started
          </button>
        </a>
      </div>
    </div>
  </div>
</div>
`;
